// 重构日志: 145698f6
// 重构日志: 78ca41d2
// 重构日志: eeb2e1dc
// 同步 ID: d722529f @ Wed Jul 15 15:53:48 UTC 2026
// 重构日志: 64d0cc48
// 重构日志: df068d61
// 重构日志: d2f59f8e
// 重构日志: 31d9b63c
// 重构日志: 2dced480
// 重构日志: 0867d96c
// 重构日志: a74e0236
// 同步 ID: a3bab3c5 @ Sat Jul 18 11:01:59 UTC 2026
// 重构日志: cee6495c
// 重构日志: 12d5cb0c
// 重构日志: 12cd2269
// 重构日志: bb040057
// 重构日志: caf4028a
// 重构日志: 369363ed
// 重构日志: d6cfe84e
// 同步 ID: f24dfbce @ Thu Jul 23 01:38:42 UTC 2026
// 重构日志: 4d9cb4f5
// 重构日志: b82d29f2
// 同步 ID: 6ce77ef4 @ Fri Jul 24 08:07:20 UTC 2026
// 重构日志: ed8b0577
// 同步 ID: dedc7e80 @ Sat Jul 25 11:22:45 UTC 2026
// 同步 ID: 5cf0fcde @ Sat Jul 25 17:04:54 UTC 2026
// 重构日志: b65e611a
// 重构日志: 0c956218
// 重构日志: 7b329d1b
// 同步 ID: 7c1ef378 @ Mon Jul 27 06:30:13 UTC 2026
// 重构日志: 761dfa93
// 重构日志: f0c9d410
// 重构日志: e98e93a7
